// Jest Snapshot v1, https://goo.gl/fbAQLP

exports[`Prueba de <GetItem /> Debe hacer match con el snapshot. 1`] = `
<div>
  <div
    class="card"
  >
    <img
      alt="Hola"
      src="http://localhost/EsteEsElUrl"
    />
    <p>
      Hola
    </p>
  </div>
</div>
`;
